194073 117954 1 H13
117954 75456 1 I13
75456 51202 1 J13
51202 28574 1 K13
22628 12546 1 C13
10082 8826 1 O13
8826 8000 1 N13
8000 4148 1 P13
3852 1686 1 E2
2166 1136 1 E7
1030 641 2 E5 E10
389 357 1 E10
357 295 1 D10
295 226 1 F10
69 67 3 A10 B10 C10
2 2 21 E1 F1 B2 C2 K2 L2 H5 I5 J5 K5 A7 B7 C7 D7 N10 O10 P10 M13 F16 G16 H16
2 2 20 E1 F1 B2 C2 K2 L2 H5 I5 J5 K5 A7 B7 D7 N10 O10 P10 M13 F16 G16 H16
2 2 19 E1 F1 B2 C2 K2 L2 H5 I5 J5 K5 A7 B7 D7 N10 O10 P10 F16 G16 H16
2 2 18 E1 F1 B2 C2 K2 L2 H5 I5 J5 K5 A7 D7 N10 O10 P10 F16 G16 H16
2 2 17 E1 F1 B2 C2 K2 L2 I5 J5 K5 A7 D7 N10 O10 P10 F16 G16 H16
2 2 16 E1 F1 B2 C2 K2 L2 I5 J5 A7 D7 N10 O10 P10 F16 G16 H16
2 2 15 E1 F1 B2 C2 K2 L2 I5 J5 A7 D7 N10 O10 F16 G16 H16
2 2 14 E1 F1 B2 C2 K2 L2 I5 J5 A7 D7 O10 F16 G16 H16
2 2 13 E1 F1 C2 K2 L2 I5 J5 A7 D7 O10 F16 G16 H16
2 2 12 E1 F1 C2 L2 I5 J5 A7 D7 O10 F16 G16 H16
2 2 11 E1 F1 C2 L2 I5 J5 A7 D7 O10 F16 H16
2 2 10 E1 F1 C2 L2 I5 J5 A7 D7 O10 H16
2 2 9 E1 F1 C2 L2 I5 J5 D7 O10 H16
2 2 8 E1 F1 C2 L2 I5 J5 D7 H16
2 2 7 F1 C2 L2 I5 J5 D7 H16
2 2 6 F1 C2 L2 I5 J5 H16
2 2 5 F1 C2 L2 J5 H16
2 2 4 F1 L2 J5 H16
2 2 3 F1 J5 H16
2 2 2 F1 J5
2 2 1 J5
2 1 4 G5 L5 G13 L13
1 1 2 L5 G13
1 1 1 G13
159936 95772 2 L7 P7
95772 64332 1 P8
31440 31440 3 P4 P5 P6
31440 31440 2 P4 P6
31440 31440 1 P4
31440 17112 3 C8 F8 H8
17112 14216 1 H9
14216 7168 1 H7
7048 4524 1 H10
2524 1776 1 H14
1776 1132 2 H12 H13
644 644 2 H15 H16
644 644 1 H15
644 408 1 L7
408 344 1 L8
344 292 2 L9 L10
292 292 1 L10
292 162 2 C12 F12
162 148 1 C13
148 80 1 C14
80 46 1 F9
46 32 2 J4 F10
14 12 1 F10
12 8 3 A2 C2 N2
4 4 4 A2 N2 C4 C5
4 4 3 A2 C4 C5
4 4 2 A2 C5
4 4 1 C5
4 2 16 A1 N1 A3 N3 F6 J6 F7 J7 F8 J8 F11 J11 F12 J12 F13 J13
2 2 5 J6 J8 F11 F12 F13
2 2 4 J6 J8 F11 F12
2 2 3 J6 J8 F12
2 2 2 J6 J8
2 2 1 J6
2 1 4 A1 N1 A3 N3
1 1 2 N1 A3
1 1 1 N1
194073 117954 1 I13
117954 75456 1 H13
75456 51202 1 G13
51202 28574 1 F13
28574 17408 1 E13
11166 5460 1 N13
5706 3626 1 B13
3626 3412 1 C13
3412 2958 1 A13
2958 1626 2 K5 K10
1626 1164 1 L10
1164 955 1 M10
955 515 1 J10
440 322 1 O10
118 84 1 L5
84 74 1 M5
74 50 1 N5
50 46 1 O5
46 38 1 P5
38 26 1 I16
12 12 4 J7 E16 F16 G16
12 12 3 J7 F16 G16
12 12 2 J7 F16
12 12 1 F16
12 11 1 I7
11 8 2 I2 J2
3 3 1 J1
3 2 9 I1 B2 C2 D2 E2 N2 O2 H7 K7
2 2 4 I1 O2 H7 K7
2 2 3 I1 H7 K7
2 2 2 I1 H7
2 2 1 I1
2 1 8 B2 C2 D2 E2 B10 C10 D10 E10
1 1 3 B2 D10 E10
1 1 2 B2 D10
1 1 1 D10
194073 117954 1 H13
76119 54897 1 C13
54897 44383 1 D13
44383 30933 1 B13
13450 11914 1 E13
11914 7914 2 H5 H10
7914 5117 1 F13
5117 3404 1 I10
3404 2396 1 J10
1008 626 1 L13
626 534 1 K13
92 92 1 M13
92 74 1 N13
74 72 1 G10
72 48 1 H2
48 28 10 O1 I2 J2 K2 D5 H7 O7 J16 K16 L16
28 18 3 I2 J2 K2
18 18 2 I2 K2
18 18 1 K2
18 14 1 B7
14 12 1 A7
12 8 6 D5 E10 F10 J16 K16 L16
8 8 1 F10
8 4 20 N1 P1 B5 C5 D5 G5 H5 J5 K5 L5 O5 G7 H7 O7 B16 C16 D16 J16 K16 L16
4 4 6 B5 C5 D5 J16 K16 L16
4 4 5 B5 C5 D5 J16 L16
4 4 4 B5 C5 D5 L16
4 4 3 B5 C5 D5
4 4 2 B5 D5
4 4 1 D5
4 2 8 N1 P1 G5 H5 O5 G7 H7 O7
2 2 3 G5 H5 O7
2 2 2 G5 O7
2 2 1 G5
2 1 4 N1 P1 N7 P7
1 1 2 N1 P7
1 1 1 P7
159936 95772 2 G12 G16
95772 64332 1 H16
64332 57000 1 I16
7332 7332 2 E16 F16
7332 7332 1 F16
7332 4476 1 G12
4476 3648 1 F12
3648 2160 2 D12 E12
1488 1488 2 H12 I12
1488 1488 1 I12
1488 788 3 N3 N6 N8
788 624 1 M8
624 596 1 L8
28 22 2 L3 L6
22 16 1 L3
16 8 28 I1 J1 J3 K3 M3 N3 O3 P3 J6 K6 M6 N6 O6 P6 B8 C8 D8 G8 H8 I8 B10 C10 D10 G10 H10 I10 I14 J14
8 8 2 I14 J14
8 8 1 I14
8 4 28 A1 B1 D1 E1 J3 K3 M3 N3 O3 P3 J6 K6 M6 N6 O6 P6 B8 C8 D8 G8 H8 I8 B10 C10 D10 G10 H10 I10
4 4 5 J3 K3 M6 N6 O6
4 4 4 J3 K3 M6 N6
4 4 3 J3 K3 M6
4 4 2 K3 M6
4 4 1 K3
4 2 20 A1 B1 D1 E1 A3 B3 D3 E3 B8 C8 D8 G8 H8 I8 B10 C10 D10 G10 H10 I10
2 2 6 B8 C8 D8 G10 H10 I10
2 2 5 B8 C8 G10 H10 I10
2 2 4 B8 C8 H10 I10
2 2 3 C8 H10 I10
2 2 2 C8 I10
2 2 1 I10
2 1 8 A1 B1 D1 E1 A3 B3 D3 E3
1 1 3 D1 E1 B3
1 1 2 D1 B3
1 1 1 D1
159936 95772 2 L10 P10
64164 45828 1 L10
18336 12184 3 C9 F9 H9
12184 10568 1 H10
1616 1616 1 H8
1616 1288 1 H7
1288 908 2 C10 F10
908 740 1 F9
168 168 1 F11
168 160 1 F3
160 148 1 J9
148 140 2 J8 J10
140 132 1 J8
132 108 2 C9 C11
24 24 2 F4 F5
24 24 1 F5
24 16 4 C5 C7 C8 C9
16 16 2 C7 C9
16 16 1 C7
16 8 24 L1 P1 L2 P2 L3 P3 L4 P4 C5 H5 C6 H6 A10 N10 A11 N11 L12 P12 L13 P13 L14 P14 L15 P15
8 8 2 C5 C6
8 8 1 C5
8 4 24 L1 P1 L2 P2 L3 P3 L4 P4 A10 N10 A11 N11 H12 L12 P12 H13 L13 P13 L14 P14 H15 L15 P15 H16
4 4 1 H15
4 2 24 L1 P1 L2 P2 L3 P3 L4 P4 A10 N10 A11 N11 A12 L12 N12 P12 A13 L13 N13 P13 L14 P14 L15 P15
2 2 3 N10 N11 A13
2 2 2 N10 N11
2 2 1 N11
2 1 16 L1 P1 L2 P2 L3 P3 L4 P4 L12 P12 L13 P13 L14 P14 L15 P15
1 1 8 P1 P2 P3 P4 L12 L13 L14 L15
1 1 7 P1 P2 P3 P4 L12 L13 L14
1 1 6 P1 P3 P4 L12 L13 L14
1 1 5 P1 P3 L12 L13 L14
1 1 4 P1 L12 L13 L14
1 1 3 P1 L12 L14
1 1 2 L12 L14
1 1 1 L14
159936 95772 2 L10 P10
64164 45828 1 P10
18336 12184 3 C9 F9 H9
6152 4976 2 C9 H9
4976 4352 1 C10
624 624 1 C8
624 528 1 J10
528 508 1 J9
508 452 1 J8
452 384 1 C7
384 328 1 F3
328 280 1 H11
48 48 1 F4
48 44 1 F5
44 32 4 A10 N10 A11 N11
32 32 1 N11
32 20 6 H5 H7 H8 H9 A10 A11
20 20 2 H7 H9
20 20 1 H7
20 12 2 A10 A11
8 8 2 F10 F11
8 8 1 F11
8 4 24 L1 P1 L2 P2 L3 P3 L4 P4 C5 H5 C6 H6 A12 L12 P12 A13 L13 P13 L14 P14 A15 L15 P15 A16
4 4 8 P1 P2 P3 P4 L12 L13 L14 L15
4 4 7 P1 P2 P3 P4 L13 L14 L15
4 4 6 P1 P2 P4 L13 L14 L15
4 4 5 P1 P2 P4 L14 L15
4 4 4 P1 P2 P4 L15
4 4 3 P1 P2 L15
4 4 2 P2 L15
4 4 1 P2
4 2 8 C5 H5 C6 H6 A12 A13 A15 A16
2 2 1 C5
2 1 8 A12 H12 A13 H13 A15 H15 A16 H16
1 1 4 A12 A13 H15 H16
1 1 3 A12 H15 H16
1 1 2 A12 H15
1 1 1 H15
1614816 562044 6 L3 N3 P3 L14 N14 P14
1052772 445380 1 N14
445380 347616 1 N15
347616 193116 1 N13
193116 105114 1 N12
105114 56694 1 N11
56694 25761 2 L2 P2
30933 18117 1 P2
18117 12561 1 P3
12561 6735 1 L5
6735 4719 1 L4
4719 2236 3 F7 H7 J7
2483 1507 2 H7 J7
1507 1009 1 H8
1009 647 1 H9
647 442 1 H10
205 205 1 H6
205 133 1 J7
72 46 1 P7
26 22 1 D6
4 4 6 L3 P4 L7 L8 P9 P10
4 4 5 L3 P4 L7 L8 P9
4 4 4 P4 L7 L8 P9
4 4 3 L7 L8 P9
4 4 2 L7 L8
4 4 1 L7
4 2 16 F1 J1 F2 J2 F5 J5 F6 J6 D10 D11 D12 F13 J13 D14 D15 D16
2 2 4 F1 F2 F6 J13
2 2 3 F1 F2 J13
2 2 2 F2 J13
2 2 1 J13
2 1 12 D10 J10 D11 J11 D12 J12 D14 J14 D15 J15 D16 J16
1 1 6 J10 J11 J12 D14 D15 D16
1 1 5 J10 J11 D14 D15 D16
1 1 4 J10 D14 D15 D16
1 1 3 J10 D15 D16
1 1 2 J10 D15
1 1 1 J10
1614816 562044 6 L3 N3 P3 L14 N14 P14
562044 434328 1 L2
127716 127716 1 L4
127716 80340 1 L5
80340 37410 2 N2 P2
37410 20562 1 P3
20562 12870 1 P4
7692 4614 1 L7
4614 4476 1 L6
4476 2115 1 N15
2361 1221 2 N1 N2
1221 1221 1 N2
1221 570 1 N10
570 378 1 N9
378 282 1 N8
282 138 1 P13
144 96 1 D13
48 36 2 D6 P9
36 36 1 P9
36 24 16 D4 D5 P10 P11 F12 H12 J12 F13 H13 J13 F14 H14 J14 F15 H15 J15
24 24 1 D5
24 16 12 F12 H12 J12 F13 H13 J13 F14 H14 J14 F15 H15 J15
8 8 4 H11 H12 F15 J15
8 8 3 H11 H12 F15
8 8 2 H11 F15
8 8 1 H11
8 6 3 H13 F14 J14
6 5 1 J13
5 3 6 P10 P11 J12 H13 F14 F16
2 2 3 F12 F14 J16
2 2 2 F14 J16
2 2 1 J16
2 1 10 H7 P7 H8 P8 H10 P10 F11 P11 F13 H13
1 1 4 P7 H10 F11 H13
1 1 3 H10 F11 H13
1 1 2 F11 H13
1 1 1 H13
1614816 562044 6 A3 C3 E3 A14 C14 E14
1052772 445380 1 A3
445380 347616 1 A2
97764 97764 1 A4
97764 69276 1 A5
69276 36216 1 A7
33060 14004 2 C6 E6
19056 11025 1 C14
11025 8733 1 C15
8733 6180 1 C13
6180 4164 1 C12
4164 2985 1 E2
2985 1764 1 C11
1764 918 1 E1
846 846 1 E3
846 426 1 E4
420 240 1 E8
240 132 2 E6 E7
132 132 1 E6
132 84 1 A9
84 72 1 A10
72 24 9 G1 I1 K1 G2 I2 K2 M6 M10 M14
24 24 1 K1
24 10 4 G7 I7 G13 I13
10 8 2 G7 I14
8 6 2 G6 I14
2 2 7 M4 M5 M6 G8 G9 G10 I14
2 2 6 M4 M5 G8 G9 G10 I14
2 2 5 M4 M5 G8 G9 G10
2 2 4 M5 G8 G9 G10
2 2 3 M5 G9 G10
2 2 2 G9 G10
2 2 1 G10
2 1 8 I11 K11 I12 K12 I15 K15 I16 K16
1 1 4 K11 K12 I15 I16
1 1 3 K11 I15 I16
1 1 2 K11 I16
1 1 1 K11
1609344 560568 4 F1 K1 F3 K3
1048776 507972 1 K1
540804 294006 2 B1 O1
294006 243666 1 C1
243666 141024 1 D1
141024 75804 2 A1 E1
75804 75804 1 A1
75804 36450 1 O3
36450 25590 1 N3
25590 10082 3 L5 L7 L9
10082 7054 1 K9
7054 4236 1 J9
2818 1584 1 M3
1584 710 2 I5 I7
874 510 1 I7
364 220 1 I3
144 102 2 J11 J13
102 78 2 H13 I13
24 24 2 K13 L13
24 24 1 K13
24 22 1 H11
22 18 2 I11 J11
4 4 6 H9 I9 F11 G11 I15 J15
4 4 5 H9 I9 F11 I15 J15
4 4 4 H9 F11 I15 J15
4 4 3 H9 F11 I15
4 4 2 H9 I15
4 4 1 I15
4 2 16 B3 C3 F3 G3 D5 E5 M5 N5 O5 P5 D7 E7 M7 N7 O7 P7
2 2 5 E5 M7 N7 O7 P7
2 2 4 M7 N7 O7 P7
2 2 3 N7 O7 P7
2 2 2 N7 O7
2 2 1 N7
2 1 8 B3 C3 F3 G3 B5 C5 F5 G5
1 1 4 F3 G3 B5 C5
1 1 3 F3 G3 C5
1 1 2 F3 G3
1 1 1 G3
1614816 562044 6 C1 N1 C3 N3 C5 N5
1052772 445380 1 C3
445380 347616 1 B3
347616 193116 1 D3
154500 82464 1 A3
82464 33198 2 D1 D5
49266 26055 1 K5
26055 19164 1 L5
19164 13263 1 M5
13263 8733 1 N5
4530 3264 1 I5
3264 3006 1 J5
3006 1752 1 O1
1254 822 1 D1
432 330 1 H1
330 258 1 G1
258 198 1 F1
198 116 3 E7 E9 E11
82 66 2 E7 E11
66 64 1 D11
64 48 1 E7
48 46 1 D7
46 28 2 N9 N13
28 26 1 O9
26 14 2 M9 N13
12 8 4 M1 H9 I9 N13
8 8 1 H9
8 6 1 N13
2 2 7 M1 N1 O3 P3 J13 K13 L13
2 2 6 M1 N1 O3 P3 J13 L13
2 2 5 M1 O3 P3 J13 L13
2 2 4 O3 P3 J13 L13
2 2 3 O3 P3 L13
2 2 2 O3 P3
2 2 1 O3
2 1 8 B7 C7 F7 G7 B11 C11 F11 G11
1 1 3 B7 C7 F11
1 1 2 B7 F11
1 1 1 B7
